Telemetry Configuration:
  Local telemetry: ENABLED → ~/.diffblue/agents/telemetry/
  Diffblue telemetry: PENDING license check → https://otlp-gateway-prod-gb-south-1.grafana.net/otlp/v1/logs (timeout: 30s)
  User telemetry: NONE (no endpoints in ~/.diffblue/agents/config.properties)
Diffblue telemetry: ENABLED
🚀 Diffblue Agents Server started successfully
   Version: 1.2.1-bd89fbe-linux_amd64
   Port: 41209
   License: NOT ACTIVATED

   To activate your license, run:
     diffblue-agents license activate <YOUR-LICENSE-KEY>
   Time: 2026-06-06T15:40:32.502875534Z
__  ____  __  _____   ___  __ ____  ______ 
 --/ __ \/ / / / _ | / _ \/ //_/ / / / __/ 
 -/ /_/ / /_/ / __ |/ , _/ ,< / /_/ /\ \   
--\___\_\____/_/ |_/_/|_/_/|_|\____/___/   
17:40:32 INFO  [io.quarkus] (main) diffblue-agents-server 1.2.1-bd89fbe-linux_amd64 on JVM (powered by Quarkus 3.31.1) started in 7.753s. Listening on: http://localhost:41209
17:40:32 INFO  [io.quarkus] (main) Profile prod activated. 
17:40:32 INFO  [io.quarkus] (main) Installed features: [cdi, config-yaml, flow, grpc-client, jackson-jq, opentelemetry, rest, rest-client, rest-client-jackson, rest-jackson, smallrye-context-propagation, vertx]
17:41:07 INFO  [io.quarkus] (main) diffblue-agents-server stopped in 0.092s
